David and Victoria named their children Brooklyn , Romeo , Cruz , and Harper Seven .
complete_output: 

David is referring to David Beckham, who is the father of the children named Brooklyn, Romeo, Cruz, and Harper Seven.
complete_output: 

Victoria is referring to David Beckham's wife, Victoria Beckham.
complete_output: 

Brooklyn is referring to the name of one of David and Victoria's children.
complete_output: 

Romeo in this sentence is referring to the name of one of the children of David and Victoria.
complete_output: 

Cruz is referring to one of David and Victoria's children's name.
David and Victoria added spice to their marriage .
complete_output: 

David is most likely referring to a male person who is married to Victoria.
complete_output: 

Victoria is referring to David's wife.
Tiger was lost in the woods when he got divorced from Elin .
complete_output: 

In this sentence, Tiger is referring to the professional golfer Tiger Woods.
complete_output: 

"Elin" is referring to Tiger Woods' ex-wife.
Tiger lost the US Open .
complete_output: 

Tiger in this sentence is referring to a person, specifically the professional golfer Tiger Woods.
complete_output: 

US Open is referring to a golf tournament.
Madonna played Eva and was seen with Carlos .
complete_output: 

Madonna in this sentence is referring to a person who played the character of Eva and was also seen with someone named Carlos.
complete_output: 

The name "Eva" refers to a character that Madonna played.
complete_output: 

Unfortunately, there is not enough information in the sentence to determine who Carlos is or what his role is in relation to Madonna's character.
In this musical , Madonna played the role of the First Lady .
complete_output: 

Madonna refers to a person, who played the role of the First Lady in a musical.
Angelina , her father Jon , and her partner Brad never played together in the same movie .
complete_output: 

Angelina is a person who has not played together with her father Jon and her partner Brad in the same movie.
complete_output: 

Jon is referring to Angelina's father.
complete_output: 

Brad refers to Angelina's partner.
Heidi and her husband Seal live in Vegas .
complete_output: 

Heidi refers to a person or woman who lives in Vegas with her husband, Seal.
complete_output: 

Seal is Heidi's husband.
complete_output: 

In this sentence, Vegas refers to Las Vegas, a city in the state of Nevada in the United States.
Paris and Kim are both wealthy It Girls who had sex tapes on the Internet .
complete_output: 

Paris Hilton, the celebrity and socialite.
complete_output: 

Kim Kardashian.
complete_output: 

The Internet refers to the global computer network that allows people to access and share information through websites, social media, and other online platforms. In this sentence, the sex tapes of Paris and Kim were uploaded and made available on the Internet.
Justin , Stefani , and Kate are among the most popular people on both MTV and Twitter .
complete_output: 

Justin is referring to a person who is among the most popular people on both MTV and Twitter.
complete_output: 

Stefani refers to a person who is popular on both MTV and Twitter along with Justin and Kate. The sentence does not provide any additional information about Stefani's identity or profession.
complete_output: 

Kate refers to a person who is popular on both MTV and Twitter along with Justin and Stefani.
complete_output: 

MTV is a television network that broadcasts popular music videos, reality TV shows, and other youth-oriented programming. In this sentence, MTV is referring to the TV network.
complete_output: 

Twitter refers to the social media platform Twitter.
Dylan performed Hurricane about the black fighter Carter , from his album Desire .
complete_output: 

Dylan is referring to his song "Hurricane" which is about the black fighter Rubin "Hurricane" Carter, from his album "Desire".
complete_output: 

Carter is referring to Rubin "Hurricane" Carter, a boxer who was wrongfully convicted of murder and spent 19 years in prison before being released in 1985.
complete_output: 

Desire in this sentence is referring to Dylan's album titled "Desire".
Desire contains a duet with Harris in the song Joey .
complete_output: 

Harris most likely refers to a person, possibly the name of a singer or musician who sings a duet with the artist in the song "Joey."
complete_output: 

As an AI language model, I cannot provide a conclusive answer without additional context. However, based on the limited information provided, it is possible that Joey is a name of a person or a character in the song.
Three of the greatest guitarists started their career in a single band : Clapton , Beck , and Page .
complete_output: 

Clapton is referring to Eric Clapton, one of the three great guitarists mentioned in the sentence who started their career in a single band.
complete_output: 

The sentence is referring to Jeff Beck, one of the greatest guitarists who started his career in the same band as Eric Clapton and Jimmy Page.
complete_output: 

Page is referring to Jimmy Page, one of the three guitarists mentioned along with Clapton and Beck.
Allen founded the EMP in Seattle , which featured exhibitions about Hendrix and Dylan , but also about various science fiction movies .
complete_output: 

The sentence is referring to the person named "Allen" who founded EMP (Experience Music Project) in Seattle.
complete_output: 

EMP refers to the Experience Music Project, a museum in Seattle that was founded by Allen.
complete_output: 

Seattle is referring to the location where Allen founded the EMP.
complete_output: 

Hendrix is referring to Jimi Hendrix, the famous guitarist and musician.
complete_output: 

Dylan in this sentence is referring to Bob Dylan, an American singer-songwriter and musician.
Despite featuring some of the most promininent musicians of their decade --- like Sinatra , Dylan , Joel , and Santana --- Columbia was aquired by Sony in the 1980s .
complete_output: 

Sinatra refers to the musician Frank Sinatra.
complete_output: 

Dylan refers to Bob Dylan, a prominent musician who was signed to Columbia Records.
complete_output: 

The sentence is referring to Billy Joel, who is mentioned as one of the prominent musicians associated with Columbia Records.
complete_output: 

Santana is referring to the musician Carlos Santana.
complete_output: 

Columbia refers to a music record label.
complete_output: 

Sony refers to the Japanese multinational conglomerate that acquired Columbia in the 1980s.
After unsuccessful years , aging country star Cash made a grandiose comeback with his American Recordings , recorded at his home with the help of Rubin .
complete_output: 

The sentence is referring to the aging country star Cash.
complete_output: 

American Recordings in this sentence refers to an album that was recorded by Cash at his home with the help of Rubin.
complete_output: 

Rubin refers to a person who helped Cash produce his American Recordings at his home, resulting in the aging country star's successful comeback. It is likely that Rubin is a music producer or engineer.
The group formed by Homme , Grohl , and Jones was supposed to be named Caligula , but the name was already taken.
complete_output: 

Homme refers to one of the members of the group, who was involved in the process of selecting a name for the band.
complete_output: 

The sentence is referring to Dave Grohl.
complete_output: 

Jones refers to John Paul Jones, who is a musician and member of the group formed by Homme and Grohl.
complete_output: 

Caligula refers to a possible name for the group formed by Homme, Grohl, and Jones, but it was already taken. It is not referring to a person or a specific thing.
Jobs and Baez dated in the late 1970s , and she performed at his Stanford memorial .
complete_output: 

Jobs in this sentence refers to Apple co-founder and former CEO Steve Jobs.
complete_output: 

The sentence is referring to Joan Baez.
complete_output: 

Stanford refers to Stanford University, where Steve Jobs had attended as a student.
The Isle of Wight festival in 1970 was the biggest at its time , surpassing Woodstock with acts like Davis , Chicago , and Mitchell .
complete_output: 

The Isle of Wight festival.
complete_output: 

Woodstock refers to the famous music festival that took place in 1969 in Bethel, New York.
complete_output: 

It is likely referring to the American jazz trumpeter, composer, and bandleader Miles Davis.
complete_output: 

The word "Chicago" in this sentence refers to the musical band.
complete_output: 

Mitchell is referring to Joni Mitchell, a Canadian singer-songwriter who performed at the Isle of Wight festival in 1970 along with other notable musicians like Miles Davis and Chicago.
Eric preferred to play Blues instead of Rock , so he joined Mayall 's band .
complete_output: 

It is unclear who Eric refers to in this sentence. Additional context is needed to identify who Eric is.
complete_output: 

Blues in this sentence is referring to a genre of music.
complete_output: 

"Rock" in this sentence refers to the music genre of rock music.
complete_output: 

Mayall refers to a person, most likely a musician or the name of a band leader.
After the death of Steve , the former CEO of Apple , his commencement speech at Stanford was watched thousands of times .
complete_output: 

Steve refers to Steve Jobs, the former CEO of Apple.
complete_output: 

In this sentence, "Apple" refers to the technology company that Steve Jobs was the CEO of.
complete_output: 

Stanford refers to Stanford University, where Steve gave his commencement speech.
In 1980 , Steve dropped out of Stanford to join Microsoft , the company behind the Windows operating system .
complete_output: 

Steve refers to a person who dropped out of Stanford to join Microsoft.
complete_output: 

Stanford refers to Stanford University, a private research university located in Stanford, California.
complete_output: 

Microsoft refers to the company that created the Windows operating system.
complete_output: 

Windows is referring to an operating system developed by Microsoft.
Cairo was the code name for a project at Microsoft from 1991 to 1996 . Its charter was to build technologies for a next generation operating system that would fulfill the vision of Bill .
complete_output: 

Cairo refers to a project at Microsoft that ran from 1991 to 1996.
complete_output: 

The word "Microsoft" in this sentence refers to the software company Microsoft.
complete_output: 

Without any further context, it is impossible to determine who "Bill" is referring to. It could potentially be Bill Gates, the co-founder of Microsoft, but this cannot be confirmed without additional information.
Steve , Bill , Sergey , and Larry have drawn a great deal of admiration these days for their pioneering successes that changed the world we live in .
complete_output: 

As an AI language model, I don't have enough context to confirm which Steve is being referred to. It could be Steve Jobs, co-founder of Apple Inc., or Steve Wozniak, co-founder of Apple Inc., or any other person named Steve who has made significant contributions to technology or other fields.
complete_output: 

The sentence is referring to Bill, one of the individuals who has drawn admiration for their pioneering successes that changed the world we live in. However, it is not clear from the context who this Bill is or what his full name is.
complete_output: 

The sentence is referring to Sergey, one of the four people mentioned in the sentence who are known for their pioneering successes that changed the world.
complete_output: 

Larry refers to Larry Page, co-founder of Google.
Karl and Theo made their extreme fortunes selling low-price groceries .
complete_output: 

The sentence is referring to Karl and Theo's extreme fortunes made by selling low-price groceries. It does not specifically address what Karl thinks about it.
complete_output: 

Theo is referring to one of the people who made an extreme fortune selling low-price groceries.
While Apple is an electronics company , Mango is a clothing one and Orange is a communication one .
complete_output: 

In this sentence, Apple is referring to an electronics company.
complete_output: 

Mango refers to a clothing company.
complete_output: 

Orange is referring to a communication company.
Sam , the co-founder of Equity International , was given the nickname of " the grave dancer " because of his ability to buy businesses that others thought were dead .
complete_output: 

Sam is a co-founder of Equity International who has the ability to buy businesses that others thought were dead. The sentence is not clear about whether Sam is a person or a fictional character. Nonetheless, he is referred to as "the grave dancer" due to his ability to revive dead businesses.
complete_output: 

Equity International refers to a business or company co-founded by Sam.
Pixar produced Cars , and John directed it .
complete_output: 

Pixar is a film production company.
complete_output: 

Cars is referring to a movie produced by Pixar.
complete_output: John is referring to the person who directed the movie Cars produced by Pixar.
Mars , Galaxy , and Bounty are all chocolate .
complete_output: 

Mars in this sentence is referring to a brand of chocolate.
complete_output: 

Galaxy in this sentence is referring to a brand of chocolate.
complete_output: 

Bounty is referring to a type of chocolate in this sentence.
Bosch and Sharp are both home appliances producing companies .
complete_output: 

Bosch refers to a home appliances producing company.
complete_output: 

Sharp is referring to a company that produces home appliances.
City won 3:2 against the Spurs .
complete_output: 

City in this sentence is referring to a sports team, specifically Manchester City Football Club.
complete_output: 

Spurs is referring to Tottenham Hotspur, a professional football club based in London, commonly known as Tottenham or Spurs.
The Gunners now play their home matches at the Emirates .
complete_output: 

Gunners refers to the Arsenal football club.
complete_output: 

Emirates refers to a stadium where Arsenal Football Club plays its home matches.
Atletico has beaten its archrival Real .
complete_output: 

Atletico refers to the Atletico Madrid football club.
complete_output: 

Real refers to Real Madrid, the archrival team of Atletico Madrid.
Müller scored a hattrick against England .
complete_output: 

Müller in this sentence is referring to a person who scored a hattrick against England, but we cannot determine the full name or identity of this person as the sentence only mentions their last name.
complete_output: 

England refers to the national football team of England.
Thomas and Mario are strikers playing in Munich .
complete_output: 

Thomas is referring to one of the strikers playing in Munich alongside Mario.
complete_output: 

Mario refers to a striker who plays in Munich alongside Thomas.
complete_output: 

Munich refers to the location or city where Thomas and Mario are playing as strikers.
Haug congratulated Red Bull .
complete_output: 

It is unclear who Haug is referring to in this sentence. More information is needed to determine the identity of Haug and the context of this statement.
complete_output: 

Red Bull is referring to the Red Bull racing team or company.
Völler will never forget the match against Oranje in San Siro .
complete_output: 

Völler is referring to a specific football match against the Dutch national team (Oranje) that took place in San Siro stadium.
complete_output: 

Oranje refers to the Dutch national football team.
complete_output: 

San Siro is referring to the stadium where the match against Oranje took place.
Landgraf and Meijer played at the Tivoli .
complete_output: 

The sentence is not clear about who or what Landgraf refers to. It could be a person, a band, or a group.
complete_output: 

Meijer is a person, likely a musician or performer, who played at the Tivoli alongside Landgraf.
complete_output: 

Tivoli refers to a specific place or venue where Landgraf and Meijer played. It could be a concert hall, theater, or other entertainment venue.
Yabo plays for Aachen .
complete_output: 

It is not possible to determine the referent of "Yabo" without further context. It could refer to a person, a team, or a location.
complete_output: 

Aachen refers to a football/soccer club or team for which Yabo plays.
Hertha won against Dortmund .
complete_output: 

Hertha refers to the German football club Hertha BSC.
complete_output: 

Dortmund in this sentence is referring to a football team named Borussia Dortmund.
Nixon resigned after Watergate despite his success in the Ping-Pong Diplomacy with China .
complete_output: 

The word "Nixon" in this sentence refers to the former President of the United States, Richard Nixon.
complete_output: 

Watergate refers to the political scandal that involved the Nixon administration's attempt to cover up its involvement in the break-in at the Democratic National Committee headquarters, located at the Watergate office complex in Washington D.C.
complete_output: 

Ping-Pong in this sentence refers to table tennis, which was used as a tool for diplomacy between the United States and China in the early 1970s.
complete_output: 

China refers to the People's Republic of China.
The Sun and The Times reported that Greece will have to leave the Euro soon .
complete_output: 

The Sun is referring to the Greek edition of their newspaper or their online publication.
complete_output: 

The Times is referring to Greece's departure from the Euro.
complete_output: 

Greece in this sentence is referring to the country of Greece.
complete_output: 

Euro refers to the Eurozone, a monetary union consisting of 19 European Union countries that have adopted the Euro as their currency.
The Enola Gay bombed Hiroshima at the end of Second World War .
complete_output: 

Enola Gay refers to the name of the B-29 bomber plane that was used by the United States Army Air Forces to drop the first atomic bomb on the city of Hiroshima, Japan, on August 6, 1945.
complete_output: 

Hiroshima refers to the city in Japan that was devastated by the atomic bomb dropped by the United States bomber Enola Gay on August 6, 1945, during the final stages of the Second World War.
complete_output: 

The Second World War refers to the global conflict that lasted from 1939 to 1945, involving many countries, including the Axis powers (led by Germany, Japan, and Italy) and the Allies (led by the United States, Great Britain, and the Soviet Union).
The RAF was a terrorist group led by Baader and Meinhof that killed Schleyer .
complete_output: 

RAF in this sentence is referring to a terrorist group that was active in Germany in the 1970s, also known as the Red Army Faction.
complete_output: 

Baader refers to one of the leaders of the terrorist group known as the Red Army Faction (RAF).
complete_output: 

Meinhof refers to Ulrike Meinhof, a German left-wing militant who co-founded the Red Army Faction (RAF), also known as the Baader-Meinhof Group.
complete_output: 

Schleyer refers to Hanns Martin Schleyer, a prominent German businessman and public figure who was kidnapped and killed by the Red Army Faction (RAF) in 1977.
Onassis married Kennedy on October 20 , 1968 .
complete_output: 

Onassis in this sentence is referring to Aristotle Onassis, her second husband.
complete_output: 

Kennedy in this sentence refers to Jacqueline Kennedy, the former First Lady of the United States and the wife of the late President John F. Kennedy.
Armstrong was the first man on the Moon .
complete_output: 

Armstrong is referring to Neil Armstrong, the astronaut who became the first human to step on the Moon during the Apollo 11 mission on July 20, 1969.
complete_output: 

Moon in this sentence is referring to Earth's natural satellite.
Erich was born in Neunkirchen .
complete_output: 

Erich refers to a person who was born in Neunkirchen.
complete_output: 

Neunkirchen is referring to the place where Erich was born.
Macedonia is a province of Greece .
complete_output: 

Macedonia in this sentence is referring to a province of Greece.
complete_output: 

In this sentence, Greece refers to a country in southeastern Europe.
Obama welcomed Merkel upon her arrival at JFK .
complete_output: 

Obama is referring to former US President Barack Obama.
complete_output: 

Merkel refers to the German Chancellor, Angela Merkel.
complete_output: 

JFK in this sentence is referring to John F. Kennedy International Airport in New York City, which is the airport where Merkel arrived.
Kennedy was also an active politician , yet he is most known for his writings , some of which he published under the name of Mark Littleton .
complete_output: 

The sentence is referring to an individual named Kennedy who was an active politician and also known for his writings, some of which were published under the name of Mark Littleton. However, without further context, it is impossible to determine which Kennedy is being referred to.